src/app/dashboard/agendamentos/page.tsx(141,84): error TS2881: This expression is never nullish.
src/app/dashboard/agendamentos/page.tsx(144,88): error TS2881: This expression is never nullish.
src/app/dashboard/agendamentos/page.tsx(147,80): error TS2881: This expression is never nullish.
